===== 2026-08-16 20:23:50 실행 시작 =====
[중고나라] '브레게 마린': 18건
[번개장터] '브레게 마린': 25건
[바이버] '브레게 마린': 40건
[캉카스] '브레게 마린': 12건
[필웨이] '브레게 마린': 12건
[시계거래소] 개인매물 매칭: 200건
[타임포럼] 매칭: 2건
최근 30일 필터: 309 → 40건
새 매물 0건 알림 완료. 스냅샷 40건 저장.
----- 종료 (exit 0) -----
===== 2026-08-16 21:00:05 실행 시작 =====
[중고나라] '브레게 마린': 0건
[번개장터] '브레게 마린': 25건
[바이버] '브레게 마린': 40건
[캉카스] '브레게 마린': 12건
[필웨이] '브레게 마린': 12건
[시계거래소] 개인매물 매칭: 200건
[타임포럼] 매칭: 0건
최근 30일 필터: 289 → 31건
새 매물 0건 알림 완료. 스냅샷 31건 저장.
----- 종료 (exit 0) -----
===== 2026-08-17 09:08:55 (로컬:로그인2곳) 시작 =====
[시계거래소] 개인매물 매칭: 299건
최근 30일 필터: 299 → 34건
새 매물 29건 알림 완료. 스냅샷 34건 저장.
----- 종료 (exit 0) -----
error: cannot pull with rebase: You have unstaged changes.
error: Please commit or stash them.
[main 186af01] chore: local snapshot 2026-08-17 09:09
 Committer: cavedevin <hajin@cavedevinui-MacBookPro.local>
Your name and email address were configured automatically based
on your username and hostname. Please check that they are accurate.
You can suppress this message by setting them explicitly. Run the
following command and follow the instructions in your editor to edit
your configuration file:

    git config --global --edit

After doing this, you may fix the identity used for this commit with:

    git commit --amend --reset-author

 1 file changed, 1 insertion(+), 1 deletion(-)
To github.com:chanbap24-create/watch-alert.git
   2e4e60d..186af01  main -> main
